// Jest Snapshot v1, https://goo.gl/fbAQLP

exports[`should pull up the Guestbook 1`] = `
<div>
  <fieldset>
    <legend>
      Sign In
    </legend>
    <form>
      <label
        for="email"
      >
        Email
      </label>
      <input
        id="email"
        name="email"
        type="text"
        value=""
      />
       
      <label
        for="password"
      >
        Password
      </label>
      <input
        id="password"
        name="password"
        type="password"
        value=""
      />
      <button
        type="submit"
      >
        Sign In
      </button>
    </form>
  </fieldset>
</div>
`;
